#-----------------------------------------------------------
# Vivado v2021.2 (64-bit)
# SW Build 3367213 on Tue Oct 19 02:48:09 MDT 2021
# IP Build 3369179 on Thu Oct 21 08:25:16 MDT 2021
# Start of session at: Tue Feb 11 11:25:32 2025
# Process ID: 24408
# Current directory: C:/Users/Public/AXI_Bus_Design/simply_bridged_2buses
# Command line: vivado.exe -gui_launcher_event rodinguilauncherevent37356 C:\Users\Public\AXI_Bus_Design\simply_bridged_2buses\simply_bridged_2buses.xpr
# Log file: C:/Users/Public/AXI_Bus_Design/simply_bridged_2buses/vivado.log
# Journal file: C:/Users/Public/AXI_Bus_Design/simply_bridged_2buses\vivado.jou
# Running On: LAPTOP-P4L0CG7N, OS: Windows, CPU Frequency: 3194 MHz, CPU Physical cores: 16, Host memory: 14877 MB
#-----------------------------------------------------------
start_gui
open_project C:/Users/Public/AXI_Bus_Design/simply_bridged_2buses/simply_bridged_2buses.xpr
update_compile_order -fileset sources_1
reset_run synth_1
launch_runs synth_1 -jobs 4
wait_on_run synth_1
reset_run synth_1
launch_runs synth_1 -jobs 4
wait_on_run synth_1
synth_design -rtl -rtl_skip_mlo -name rtl_1
reset_run synth_1
launch_runs synth_1 -jobs 4
wait_on_run synth_1
read_checkpoint -help
