#-----------------------------------------------------------
# Vivado v2021.2 (64-bit)
# SW Build 3367213 on Tue Oct 19 02:48:09 MDT 2021
# IP Build 3369179 on Thu Oct 21 08:25:16 MDT 2021
# Start of session at: Mon Feb 10 00:03:04 2025
# Process ID: 23848
# Current directory: C:/Users/Hansa Niluka/OneDrive - University of Moratuwa/semster 07/4.EN4021 - Advanced Digital Systems/Bus-Desingn/simple_bus_MMMS_with_SSP
# Command line: vivado.exe -gui_launcher_event rodinguilauncherevent14304 C:\Users\Hansa Niluka\OneDrive - University of Moratuwa\semster 07\4.EN4021 - Advanced Digital Systems\Bus-Desingn\simple_bus_MMMS_with_SSP\simple_bus_MMMS_with_SSP.xpr
# Log file: C:/Users/Hansa Niluka/OneDrive - University of Moratuwa/semster 07/4.EN4021 - Advanced Digital Systems/Bus-Desingn/simple_bus_MMMS_with_SSP/vivado.log
# Journal file: C:/Users/Hansa Niluka/OneDrive - University of Moratuwa/semster 07/4.EN4021 - Advanced Digital Systems/Bus-Desingn/simple_bus_MMMS_with_SSP\vivado.jou
# Running On: LAPTOP-P4L0CG7N, OS: Windows, CPU Frequency: 3194 MHz, CPU Physical cores: 16, Host memory: 14877 MB
#-----------------------------------------------------------
start_gui
open_project {C:/Users/Hansa Niluka/OneDrive - University of Moratuwa/semster 07/4.EN4021 - Advanced Digital Systems/Bus-Desingn/simple_bus_MMMS_with_SSP/simple_bus_MMMS_with_SSP.xpr}
update_compile_order -fileset sources_1
launch_simulation
open_wave_config {C:/Users/Hansa Niluka/OneDrive - University of Moratuwa/semster 07/4.EN4021 - Advanced Digital Systems/Bus-Desingn/simple_bus_MMMS_with_SSP/tb_simple_bus_MMMS_SSS_behav.wcfg}
source tb_simple_bus_MMMS_SSS.tcl
run 10 us
close_sim
launch_simulation
open_wave_config {C:/Users/Hansa Niluka/OneDrive - University of Moratuwa/semster 07/4.EN4021 - Advanced Digital Systems/Bus-Desingn/simple_bus_MMMS_with_SSP/tb_simple_bus_MMMS_SSS_behav.wcfg}
source tb_simple_bus_MMMS_SSS.tcl
run 10 us
run 10 us
run 10 us
close_sim
